// Jest Snapshot v1, https://goo.gl/fbAQLP

exports[`Profile renders correctly 1`] = `
<div
  className="profiles"
>
  <div>
    <h2>
      MY ROCKETS
    </h2>
    <table
      className="table table-bordered"
    />
  </div>
  <div>
    <h2>
      MY DRAGONS
    </h2>
    <table
      className="table table-bordered"
    />
  </div>
  <div>
    <h2>
      MY MISSIONS
    </h2>
    <table
      className="table table-bordered"
    />
  </div>
</div>
`;
